// Jest Snapshot v1, https://goo.gl/fbAQLP

exports[`Death Button Component renders correctly 1`] = `
<View
  style={
    Object {
      "alignContent": "center",
      "flexDirection": "row",
      "justifyContent": "center",
      "width": "100%",
    }
  }
>
  <View
    accessible={true}
    clickable={true}
    isTVSelectable={true}
    onClick={[Function]}
    onResponderGrant={[Function]}
    onResponderMove={[Function]}
    onResponderRelease={[Function]}
    onResponderTerminate={[Function]}
    onResponderTerminationRequest={[Function]}
    onStartShouldSetResponder={[Function]}
    style={
      Object {
        "opacity": 1,
      }
    }
  >
    <Text
      style={
        Array [
          Object {
            "backgroundColor": "transparent",
          },
          Object {
            "color": undefined,
          },
          Object {
            "backgroundColor": "#e84641",
            "borderRadius": 110,
            "color": "#ffffff",
            "fontSize": 120,
            "height": 220,
            "textAlign": "center",
            "textAlignVertical": "center",
            "width": 220,
          },
          Object {
            "fontFamily": "FontAwesome5FreeSolid",
          },
        ]
      }
    >
      ï•Œ
    </Text>
  </View>
</View>
`;
