// Jest Snapshot v1, https://goo.gl/fbAQLP

exports[`Input Component renders correctly 1`] = `
<View
  style={
    Object {
      "marginLeft": "5%",
      "marginRight": "5%",
      "width": "90%",
    }
  }
>
  <Text
    style={
      Object {
        "color": "#ffffff",
        "fontSize": 18,
        "marginBottom": 5,
        "marginTop": 5,
      }
    }
  >
    Input Title
  </Text>
  <TextInput
    allowFontScaling={true}
    onChangeText={[Function]}
    rejectResponderTermination={true}
    style={
      Object {
        "backgroundColor": "#ffffff",
        "borderRadius": 5,
        "color": "#000000",
        "fontSize": 18,
        "padding": 10,
        "width": "100%",
      }
    }
    underlineColorAndroid="transparent"
    value="Some text"
  />
</View>
`;
