// Jest Snapshot v1, https://goo.gl/fbAQLP

exports[`Stat Display Component can render a stat display 1`] = `
<View
  style={
    Object {
      "backgroundColor": "#e84641",
      "borderRadius": 5,
      "marginBottom": 10,
      "marginLeft": 10,
      "marginRight": 10,
      "padding": 5,
    }
  }
>
  <Text
    style={
      Object {
        "color": "#ffffff",
        "fontSize": 24,
        "fontWeight": "bold",
      }
    }
  >
    Test Stat Display
  </Text>
  <View
    style={
      Object {
        "flexDirection": "row",
      }
    }
  >
    <Text
      style={
        Object {
          "color": "#ffffff",
          "fontSize": 18,
          "width": "50%",
        }
      }
    >
      2
       Deaths
    </Text>
    <Text
      style={
        Object {
          "color": "#ffffff",
          "fontSize": 18,
          "textAlign": "right",
          "width": "50%",
        }
      }
    >
      20
      % of Deaths
    </Text>
  </View>
</View>
`;
