// Jest Snapshot v1, https://goo.gl/fbAQLP

exports[`Home Container Renders with game and playthrough in the state 1`] = `
<View
  style={
    Object {
      "backgroundColor": "#592a29",
      "height": "100%",
      "justifyContent": "center",
    }
  }
>
  <View
    style={
      Object {
        "alignContent": "center",
        "flexDirection": "row",
        "justifyContent": "center",
        "width": "100%",
      }
    }
  >
    <View
      accessible={true}
      clickable={true}
      isTVSelectable={true}
      onClick={[Function]}
      onResponderGrant={[Function]}
      onResponderMove={[Function]}
      onResponderRelease={[Function]}
      onResponderTerminate={[Function]}
      onResponderTerminationRequest={[Function]}
      onStartShouldSetResponder={[Function]}
      style={
        Object {
          "opacity": 1,
        }
      }
    >
      <Text
        style={
          Array [
            Object {
              "backgroundColor": "transparent",
            },
            Object {
              "color": undefined,
            },
            Object {
              "backgroundColor": "#e84641",
              "borderRadius": 100,
              "color": "#ffffff",
              "fontSize": 100,
              "height": 200,
              "textAlign": "center",
              "textAlignVertical": "center",
              "width": 200,
            },
            Object {
              "fontFamily": "FontAwesome5FreeSolid",
            },
          ]
        }
      >
        ï•Œ
      </Text>
    </View>
  </View>
  <View
    style={
      Object {
        "margin": 10,
      }
    }
  >
    <Text
      style={
        Object {
          "borderRadius": 100,
          "color": "#ffffff",
          "fontSize": 30,
          "textAlign": "center",
          "textAlignVertical": "center",
        }
      }
    >
      Test Playthrough
    </Text>
    <Text
      style={
        Object {
          "borderRadius": 100,
          "color": "#ffffff",
          "fontSize": 30,
          "textAlign": "center",
          "textAlignVertical": "center",
        }
      }
    >
      Playing 
      Test Game
    </Text>
    <View
      style={
        Object {
          "alignContent": "center",
          "flexDirection": "row",
          "justifyContent": "center",
          "margin": 20,
        }
      }
    >
      <View
        style={
          Object {
            "backgroundColor": "#e84641",
            "borderRadius": 25,
            "color": "#ffffff",
            "margin": 5,
            "padding": 10,
          }
        }
      >
        <Text
          style={
            Object {
              "borderRadius": 100,
              "color": "#ffffff",
              "fontSize": 30,
              "textAlign": "center",
              "textAlignVertical": "center",
            }
          }
        >
          0
        </Text>
      </View>
      <Text
        style={
          Object {
            "borderRadius": 100,
            "color": "#ffffff",
            "fontSize": 30,
            "textAlign": "center",
            "textAlignVertical": "center",
          }
        }
      >
        Deaths So Far
      </Text>
    </View>
  </View>
</View>
`;

exports[`Home Container Renders with the empty initial state 1`] = `
<View>
  <Text>
    There are no games in the state
  </Text>
</View>
`;
